[2024-06-27 12:55:48,736: INFO: main: Welcom to the codebase]
[2024-07-10 09:40:39,903: INFO: common: yaml file: config\config.yaml loaded successfully]
[2024-07-10 09:40:39,903: INFO: common: yaml file: params.yaml loaded successfully]
[2024-07-10 10:47:54,910: INFO: common: yaml file: config\config.yaml loaded successfully]
[2024-07-10 10:47:54,913: INFO: common: yaml file: params.yaml loaded successfully]
[2024-07-10 10:50:07,378: INFO: common: yaml file: config\config.yaml loaded successfully]
[2024-07-10 10:50:07,385: INFO: common: yaml file: params.yaml loaded successfully]
[2024-07-10 12:37:48,394: INFO: common: yaml file: config\config.yaml loaded successfully]
[2024-07-10 12:37:48,399: INFO: common: yaml file: params.yaml loaded successfully]
[2024-07-11 06:24:56,811: INFO: common: yaml file: config\config.yaml loaded successfully]
[2024-07-11 06:24:56,819: INFO: common: yaml file: params.yaml loaded successfully]
[2024-07-11 06:33:08,314: INFO: common: yaml file: config\config.yaml loaded successfully]
[2024-07-11 06:33:08,318: INFO: common: yaml file: params.yaml loaded successfully]
[2024-07-11 07:48:39,913: INFO: common: yaml file: config\config.yaml loaded successfully]
[2024-07-11 07:48:39,913: INFO: common: created directory at: artifacts]
[2024-07-11 07:48:39,920: INFO: common: created directory at: artifacts/data_ingestion]
[2024-07-11 07:48:39,922: INFO: 2579417938: Downloading data from https://drive.google.com/file/d/1z0mreUtRmR-P-magILsDR3T7M6IkGXtY/view?usp=sharing to artifacts/data_ingestion/data.zip]
[2024-07-11 07:48:59,343: INFO: 2579417938: Downloaded data from https://drive.google.com/file/d/1z0mreUtRmR-P-magILsDR3T7M6IkGXtY/view?usp=sharing into artifacts/data_ingestion/data.zip]
[2024-07-12 21:29:29,501: INFO: main: <------Stage Data Ingestion Started------>]
[2024-07-12 21:29:29,501: INFO: common: yaml file: config\config.yaml loaded successfully]
[2024-07-12 21:29:29,501: INFO: common: yaml file: params.yaml loaded successfully]
[2024-07-12 21:29:29,516: ERROR: main: yaml file is empty]
Traceback (most recent call last):
  File "C:\Users\HP\Cancer Detection\src\cnnClassifier\utils\common.py", line 33, in read_yaml
    return ConfigBox(content)
  File "box\\box.py", line 296, in box.box.Box.__init__
box.exceptions.BoxValueError: First argument must be mapping or iterable

During handling of the above exception, another exception occurred:

Traceback (most recent call last):
  File "main.py", line 11, in <module>
    obj.main()
  File "C:\Users\HP\Cancer Detection\src\cnnClassifier\pipeline\stage_01_data_ingestion.py", line 13, in main
    config = ConfigurationManager()
  File "C:\Users\HP\Cancer Detection\src\cnnClassifier\config\configuration.py", line 9, in __init__
    self.params = read_yaml(params_filepath)
  File "C:\Users\HP\anaconda3\envs\myenv\lib\site-packages\ensure\main.py", line 872, in __call__
    return_val = self.f(*args, **kwargs)
  File "C:\Users\HP\Cancer Detection\src\cnnClassifier\utils\common.py", line 35, in read_yaml
    raise ValueError("yaml file is empty")
ValueError: yaml file is empty
[2024-07-12 21:30:21,551: INFO: main: <------Stage Data Ingestion Started------>]
[2024-07-12 21:30:21,551: INFO: common: yaml file: config\config.yaml loaded successfully]
[2024-07-12 21:30:21,551: INFO: common: created directory at: artifacts]
[2024-07-12 21:30:21,551: INFO: common: created directory at: artifacts/data_ingestion]
[2024-07-12 21:30:21,551: INFO: data_ingestion: Downloading data from https://drive.google.com/file/d/1z0mreUtRmR-P-magILsDR3T7M6IkGXtY/view?usp=sharing to artifacts/data_ingestion/data.zip]
[2024-07-12 21:30:44,726: INFO: data_ingestion: Downloaded data from https://drive.google.com/file/d/1z0mreUtRmR-P-magILsDR3T7M6IkGXtY/view?usp=sharing into artifacts/data_ingestion/data.zip]
[2024-07-12 21:30:45,423: INFO: main: <-------Stage Data Ingestion Completed]
[2024-07-13 09:29:38,739: INFO: common: yaml file: config\config.yaml loaded successfully]
[2024-07-13 09:29:38,755: INFO: common: yaml file: params.yaml loaded successfully]
[2024-07-13 09:30:16,998: INFO: common: yaml file: config\config.yaml loaded successfully]
[2024-07-13 09:30:17,002: INFO: common: yaml file: params.yaml loaded successfully]
[2024-07-13 09:30:17,004: INFO: common: created directory at: artifacts]
[2024-07-13 09:30:17,005: INFO: common: created directory at: artifacts/prepare_base_model]
[2024-07-13 09:30:37,494: WARNING: saving_utils: Compiled the loaded model, but the compiled metrics have yet to be built. `model.compile_metrics` will be empty until you train or evaluate the model.]
[2024-07-13 09:32:17,315: INFO: common: yaml file: config\config.yaml loaded successfully]
[2024-07-13 09:32:17,319: INFO: common: yaml file: params.yaml loaded successfully]
[2024-07-13 09:32:17,321: INFO: common: created directory at: artifacts]
[2024-07-13 09:32:17,322: INFO: common: created directory at: artifacts/prepare_base_model]
[2024-07-13 09:32:17,726: WARNING: saving_utils: Compiled the loaded model, but the compiled metrics have yet to be built. `model.compile_metrics` will be empty until you train or evaluate the model.]
[2024-07-13 09:33:08,516: INFO: common: yaml file: config\config.yaml loaded successfully]
[2024-07-13 09:33:08,521: INFO: common: yaml file: params.yaml loaded successfully]
[2024-07-13 09:33:08,523: INFO: common: created directory at: artifacts]
[2024-07-13 09:33:08,524: INFO: common: created directory at: artifacts/prepare_base_model]
[2024-07-13 09:33:08,921: WARNING: saving_utils: Compiled the loaded model, but the compiled metrics have yet to be built. `model.compile_metrics` will be empty until you train or evaluate the model.]
[2024-07-13 09:34:12,070: INFO: common: yaml file: config\config.yaml loaded successfully]
[2024-07-13 09:34:12,073: INFO: common: yaml file: params.yaml loaded successfully]
[2024-07-13 09:34:12,076: INFO: common: created directory at: artifacts]
[2024-07-13 09:34:12,077: INFO: common: created directory at: artifacts/prepare_base_model]
[2024-07-13 09:34:12,463: WARNING: saving_utils: Compiled the loaded model, but the compiled metrics have yet to be built. `model.compile_metrics` will be empty until you train or evaluate the model.]
[2024-07-13 10:01:07,274: INFO: stage_02_prepare_base_model: <-------Stage Prepare Base Model Started------>]
[2024-07-13 10:01:07,291: INFO: common: yaml file: config\config.yaml loaded successfully]
[2024-07-13 10:01:07,291: INFO: common: created directory at: artifacts]
[2024-07-13 10:01:07,293: INFO: common: created directory at: artifacts/prepare_base_model]
[2024-07-13 10:02:05,152: INFO: stage_02_prepare_base_model: <-------Stage Prepare Base Model Started------>]
[2024-07-13 10:02:05,159: INFO: common: yaml file: config\config.yaml loaded successfully]
[2024-07-13 10:02:05,159: INFO: common: yaml file: params.yaml loaded successfully]
[2024-07-13 10:02:05,159: INFO: common: created directory at: artifacts]
[2024-07-13 10:02:05,165: INFO: common: created directory at: artifacts/prepare_base_model]
[2024-07-13 10:02:05,878: WARNING: saving_utils: Compiled the loaded model, but the compiled metrics have yet to be built. `model.compile_metrics` will be empty until you train or evaluate the model.]
[2024-07-13 10:02:06,410: INFO: stage_02_prepare_base_model: <--------Stage Prepare Base Model Completed------>]
[2024-07-13 10:02:06,410: INFO: main: <------Stage Data Ingestion Started------>]
[2024-07-13 10:02:06,427: INFO: common: yaml file: config\config.yaml loaded successfully]
[2024-07-13 10:02:06,431: INFO: common: yaml file: params.yaml loaded successfully]
[2024-07-13 10:02:06,433: INFO: common: created directory at: artifacts]
[2024-07-13 10:02:06,434: INFO: common: created directory at: artifacts/data_ingestion]
[2024-07-13 10:02:06,436: INFO: data_ingestion: Downloading data from https://drive.google.com/file/d/1z0mreUtRmR-P-magILsDR3T7M6IkGXtY/view?usp=sharing to artifacts/data_ingestion/data.zip]
[2024-07-13 10:02:26,889: INFO: data_ingestion: Downloaded data from https://drive.google.com/file/d/1z0mreUtRmR-P-magILsDR3T7M6IkGXtY/view?usp=sharing into artifacts/data_ingestion/data.zip]
[2024-07-13 10:02:27,818: INFO: main: <-------Stage Data Ingestion Completed------>]
[2024-07-13 10:02:27,818: INFO: main: <-------Stage Prepare Base Model Started------>]
[2024-07-13 10:02:27,825: INFO: common: yaml file: config\config.yaml loaded successfully]
[2024-07-13 10:02:27,832: INFO: common: yaml file: params.yaml loaded successfully]
[2024-07-13 10:02:27,834: INFO: common: created directory at: artifacts]
[2024-07-13 10:02:27,835: INFO: common: created directory at: artifacts/prepare_base_model]
[2024-07-13 10:02:28,475: WARNING: saving_utils: Compiled the loaded model, but the compiled metrics have yet to be built. `model.compile_metrics` will be empty until you train or evaluate the model.]
[2024-07-13 10:02:28,835: INFO: main: <--------Stage Prepare Base Model Completed------>]
[2024-07-17 05:17:19,307: INFO: common: yaml file: config\config.yaml loaded successfully]
[2024-07-17 05:17:19,307: INFO: common: yaml file: params.yaml loaded successfully]
[2024-07-17 05:17:19,307: INFO: common: created directory at: artifacts]
[2024-07-17 05:17:19,307: INFO: common: created directory at: artifacts/training]
[2024-07-17 05:21:30,675: INFO: common: yaml file: config\config.yaml loaded successfully]
[2024-07-17 05:21:30,679: INFO: common: yaml file: params.yaml loaded successfully]
[2024-07-17 05:21:30,681: INFO: common: created directory at: artifacts]
[2024-07-17 05:21:30,683: INFO: common: created directory at: artifacts/training]
[2024-07-17 05:32:22,384: INFO: common: yaml file: config\config.yaml loaded successfully]
[2024-07-17 05:32:22,388: INFO: common: yaml file: params.yaml loaded successfully]
[2024-07-17 05:32:22,390: INFO: common: created directory at: artifacts]
[2024-07-17 05:32:22,392: INFO: common: created directory at: artifacts/training]
[2024-07-17 05:33:46,665: INFO: common: yaml file: config\config.yaml loaded successfully]
[2024-07-17 05:33:46,669: INFO: common: yaml file: params.yaml loaded successfully]
[2024-07-17 05:33:46,671: INFO: common: created directory at: artifacts]
[2024-07-17 05:33:46,672: INFO: common: created directory at: artifacts/training]
[2024-07-17 05:37:24,459: INFO: common: yaml file: config\config.yaml loaded successfully]
[2024-07-17 05:37:24,475: INFO: common: yaml file: params.yaml loaded successfully]
[2024-07-17 05:37:24,475: INFO: common: created directory at: artifacts]
[2024-07-17 05:37:24,475: INFO: common: created directory at: artifacts/training]
